main.c:83:6:led_set_RGB	16	static
main.c:90:6:led_render	16	static
main.c:114:6:HAL_TIM_PWM_PulseFinishedHalfCpltCallback	24	static
main.c:133:6:HAL_TIM_PWM_PulseFinishedCallback	24	static
main.c:162:5:main	16	static
main.c:236:6:SystemClock_Config	88	static
main.c:280:13:MX_TIM1_Init	96	static
main.c:355:13:MX_USART2_UART_Init	8	static
main.c:386:13:MX_DMA_Init	16	static
main.c:404:13:MX_GPIO_Init	48	static
main.c:487:10:hsl_to_rgb	32	static
main.c:522:6:Error_Handler	4	static,ignoring_inline_asm
