main.c:88:6:set_brightness	16	static
main.c:92:6:led_set_RGB	32	static
main.c:101:6:led_render	16	static
main.c:125:6:HAL_TIM_PWM_PulseFinishedHalfCpltCallback	24	static
main.c:144:6:HAL_TIM_PWM_PulseFinishedCallback	24	static
main.c:173:5:main	16	static
main.c:250:6:SystemClock_Config	88	static
main.c:294:13:MX_TIM1_Init	96	static
main.c:369:13:MX_USART2_UART_Init	8	static
main.c:400:13:MX_DMA_Init	16	static
main.c:418:13:MX_GPIO_Init	48	static
main.c:500:9:rainbow_effect_left	40	static
main.c:535:10:hsl_to_rgb	32	static
main.c:570:6:Error_Handler	4	static,ignoring_inline_asm
